###############################################################################
#
# IAR ELF Linker V8.32.1.169/W32 for ARM                  18/Dec/2020  00:03:44
# Copyright 2007-2018 IAR Systems AB.
#
#    Output file  =  
#        C:\Users\kinou\Documents\projetsIAR\Debug\Exe\Experiment4.out
#    Map file     =  
#        C:\Users\kinou\Documents\projetsIAR\Debug\List\Experiment4.map
#    Command line =  
#        -f C:\Users\kinou\AppData\Local\Temp\EW8B61.tmp
#        (C:\Users\kinou\Documents\projetsIAR\Debug\Obj\FastFourierTransform.o
#        C:\Users\kinou\Documents\projetsIAR\Debug\Obj\microphone.o
#        C:\Users\kinou\Documents\projetsIAR\Debug\Obj\misc.o
#        C:\Users\kinou\Documents\projetsIAR\Debug\Obj\startup_stm32f40_41xxx.o
#        C:\Users\kinou\Documents\projetsIAR\Debug\Obj\stm32f4_discovery.o
#        C:\Users\kinou\Documents\projetsIAR\Debug\Obj\stm32f4xx_adc.o
#        C:\Users\kinou\Documents\projetsIAR\Debug\Obj\stm32f4xx_can.o
#        C:\Users\kinou\Documents\projetsIAR\Debug\Obj\stm32f4xx_cec.o
#        C:\Users\kinou\Documents\projetsIAR\Debug\Obj\stm32f4xx_crc.o
#        C:\Users\kinou\Documents\projetsIAR\Debug\Obj\stm32f4xx_cryp.o
#        C:\Users\kinou\Documents\projetsIAR\Debug\Obj\stm32f4xx_cryp_aes.o
#        C:\Users\kinou\Documents\projetsIAR\Debug\Obj\stm32f4xx_cryp_des.o
#        C:\Users\kinou\Documents\projetsIAR\Debug\Obj\stm32f4xx_cryp_tdes.o
#        C:\Users\kinou\Documents\projetsIAR\Debug\Obj\stm32f4xx_dac.o
#        C:\Users\kinou\Documents\projetsIAR\Debug\Obj\stm32f4xx_dbgmcu.o
#        C:\Users\kinou\Documents\projetsIAR\Debug\Obj\stm32f4xx_dcmi.o
#        C:\Users\kinou\Documents\projetsIAR\Debug\Obj\stm32f4xx_dfsdm.o
#        C:\Users\kinou\Documents\projetsIAR\Debug\Obj\stm32f4xx_dma.o
#        C:\Users\kinou\Documents\projetsIAR\Debug\Obj\stm32f4xx_dma2d.o
#        C:\Users\kinou\Documents\projetsIAR\Debug\Obj\stm32f4xx_dsi.o
#        C:\Users\kinou\Documents\projetsIAR\Debug\Obj\stm32f4xx_exti.o
#        C:\Users\kinou\Documents\projetsIAR\Debug\Obj\stm32f4xx_flash.o
#        C:\Users\kinou\Documents\projetsIAR\Debug\Obj\stm32f4xx_flash_ramfunc.o
#        C:\Users\kinou\Documents\projetsIAR\Debug\Obj\stm32f4xx_fmpi2c.o
#        C:\Users\kinou\Documents\projetsIAR\Debug\Obj\stm32f4xx_fsmc.o
#        C:\Users\kinou\Documents\projetsIAR\Debug\Obj\stm32f4xx_gpio.o
#        C:\Users\kinou\Documents\projetsIAR\Debug\Obj\stm32f4xx_hash.o
#        C:\Users\kinou\Documents\projetsIAR\Debug\Obj\stm32f4xx_hash_md5.o
#        C:\Users\kinou\Documents\projetsIAR\Debug\Obj\stm32f4xx_hash_sha1.o
#        C:\Users\kinou\Documents\projetsIAR\Debug\Obj\stm32f4xx_i2c.o
#        C:\Users\kinou\Documents\projetsIAR\Debug\Obj\stm32f4xx_iwdg.o
#        C:\Users\kinou\Documents\projetsIAR\Debug\Obj\stm32f4xx_lptim.o
#        C:\Users\kinou\Documents\projetsIAR\Debug\Obj\stm32f4xx_ltdc.o
#        C:\Users\kinou\Documents\projetsIAR\Debug\Obj\stm32f4xx_pwr.o
#        C:\Users\kinou\Documents\projetsIAR\Debug\Obj\stm32f4xx_qspi.o
#        C:\Users\kinou\Documents\projetsIAR\Debug\Obj\stm32f4xx_rcc.o
#        C:\Users\kinou\Documents\projetsIAR\Debug\Obj\stm32f4xx_rng.o
#        C:\Users\kinou\Documents\projetsIAR\Debug\Obj\stm32f4xx_rtc.o
#        C:\Users\kinou\Documents\projetsIAR\Debug\Obj\stm32f4xx_sai.o
#        C:\Users\kinou\Documents\projetsIAR\Debug\Obj\stm32f4xx_sdio.o
#        C:\Users\kinou\Documents\projetsIAR\Debug\Obj\stm32f4xx_spdifrx.o
#        C:\Users\kinou\Documents\projetsIAR\Debug\Obj\stm32f4xx_spi.o
#        C:\Users\kinou\Documents\projetsIAR\Debug\Obj\stm32f4xx_syscfg.o
#        C:\Users\kinou\Documents\projetsIAR\Debug\Obj\stm32f4xx_tim.o
#        C:\Users\kinou\Documents\projetsIAR\Debug\Obj\stm32f4xx_usart.o
#        C:\Users\kinou\Documents\projetsIAR\Debug\Obj\stm32f4xx_wwdg.o
#        C:\Users\kinou\Documents\projetsIAR\Debug\Obj\system_stm32f4xx.o
#        --no_out_extension -o
#        C:\Users\kinou\Documents\projetsIAR\Debug\Exe\Experiment4.out --map
#        C:\Users\kinou\Documents\projetsIAR\Debug\List\Experiment4.map
#        --config "C:\Program Files (x86)\IAR Systems\Embedded Workbench
#        8.2\arm\config\linker\ST\stm32f407xG.icf" --semihosting
#        C:\Users\kinou\Documents\projetsIAR\Library\Library\f4\lib\libPDMFilter_IAR.a
#        --entry __iar_program_start --vfe --text_out locale)
#
###############################################################################

*******************************************************************************
*** MESSAGES
***

Warning[Lt009]: Inconsistent wchar_t size
            pdm_filter.o(libPDMFilter_IAR.a) has wchar_t size 16 bits
            FastFourierTransform.o and 186 other objects, some of them in
                      dlpp7M_tl_nc.a and 131 other libraries have wchar_t size
                      32 bits
Warning[Lt049]: Potential floating point parameter passing conflict. The first
          module below references the second and they have been built with
          different settings.
            AAPCS, VFP variant: microphone.o
            AAPCS, base variant: pdm_filter.o(libPDMFilter_IAR.a)


*******************************************************************************
*** RUNTIME MODEL ATTRIBUTES
***

CppFlavor        = *
__CPP_Exceptions = Disabled
__CPP_Language   = C++14
__Heap_Handler   = DLMalloc
__SystemLibrary  = DLib
__dlib_version   = 6


*******************************************************************************
*** HEAP SELECTION
***

The advanced heap was selected because the application calls memory
allocation functions outside of system library functions, and there
are calls to deallocation functions in the application.


*******************************************************************************
*** PLACEMENT SUMMARY
***

"A0":  place at 0x800'0000 { ro section .intvec };
"P1":  place in [from 0x800'0000 to 0x80f'ffff] { ro };
define block CSTACK with size = 8K, alignment = 8 { };
"P3":  place in [from 0x1000'0000 to 0x1000'ffff] {
          block CSTACK, section .ccram };
define block HEAP with size = 8K, alignment = 8 { };
"P4":  place in [from 0x2000'0000 to 0x2001'bfff] |
                [from 0x2001'c000 to 0x2001'ffff] { rw, block HEAP };
initialize by copy { rw };

No sections matched the following patterns:

  ro section application_specific_ro  in "P2"
  section .backup_sram                in "P5"
  section .ccram                      in "P3"


  Section            Kind         Address    Size  Object
  -------            ----         -------    ----  ------
"A0":                                       0x188
  .intvec            ro code   0x800'0000   0x188  startup_stm32f40_41xxx.o [1]
                             - 0x800'0188   0x188

"P1":                                      0x3d3c
  .text              ro code   0x800'0188   0xf80  dlmalloc.o [2]
  .text              ro code   0x800'1108     0x6  abort.o [2]
  .text              ro code   0x800'110e    0x3a  zero_init3.o [6]
  .text              ro code   0x800'1148    0x2c  xgetmemchunk.o [2]
  .text              ro code   0x800'1174    0x14  exit.o [7]
  .text              ro code   0x800'1188   0x79c  microphone.o [1]
  .text              ro code   0x800'1924    0x80  stm32f4_discovery.o [1]
  .text              ro code   0x800'19a4   0x25c  stm32f4xx_spi.o [1]
  .text              ro code   0x800'1c00    0x24  newop_0.o [3]
  .text              ro code   0x800'1c24   0x160  FastFourierTransform.o [1]
  .text              ro code   0x800'1d84   0x400  pdm_filter.o [4]
  .text              ro code   0x800'2184   0x120  microphone.o [1]
  .text              ro code   0x800'22a4   0x1c6  stm32f4xx_usart.o [1]
  .rodata            const     0x800'246a     0x1  unwind_debug.o [7]
  .text              ro code   0x800'246c   0x1b4  stm32f4xx_rcc.o [1]
  .text              ro code   0x800'2620    0x74  misc.o [1]
  .text              ro code   0x800'2694   0x10e  stm32f4xx_gpio.o [1]
  .text              ro code   0x800'27a4   0x1d4  stm32f4xx_i2c.o [1]
  .text              ro code   0x800'2978     0x4  nomemory.o [3]
  .text              ro code   0x800'297c    0xc0  logf.o [5]
  .text              ro code   0x800'2a3c    0x52  cxxabi.o [3]
  .text              ro code   0x800'2a8e     0x4  newaop_0.o [3]
  .text              ro code   0x800'2a94    0x1a  U32ToDbl.o [5]
  .text              ro code   0x800'2ab0   0x1a2  DblMul.o [5]
  .text              ro code   0x800'2c54   0x246  DblDiv.o [5]
  .text              ro code   0x800'2e9c    0x1e  math_wrappers64.o [5]
  .text              ro code   0x800'2ebc    0x68  DblToFlt.o [5]
  .text              ro code   0x800'2f24     0xa  microphone.o [1]
  .text              ro code   0x800'2f30    0x1c  FltCmpEq.o [5]
  .text              ro code   0x800'2f4c    0x12  FltMul.o [5]
  .text              ro code   0x800'2f60    0x48  FltToDbl.o [5]
  .text              ro code   0x800'2fa8   0x17a  DblAdd.o [5]
  .text              ro code   0x800'3124    0x3a  DblToS32.o [5]
  .text              ro code   0x800'3160    0x22  S32ToDbl.o [5]
  .text              ro code   0x800'3182    0x30  microphone.o [1]
  .text              ro code   0x800'31b2    0x30  microphone.o [1]
  .text              ro code   0x800'31e2    0x48  microphone.o [1]
  .text              ro code   0x800'322a    0x20  microphone.o [1]
  .text              ro code   0x800'324c   0x444  cos_sin64.o [5]
  .text              ro code   0x800'3690    0xe2  DblSub.o [5]
  .text              ro code   0x800'3774    0x1e  sqrtf.o [5]
  .text              ro code   0x800'3794    0x2e  DblCmpLe.o [5]
  .text              ro code   0x800'37c4   0x124  system_stm32f4xx.o [1]
  .rodata            const     0x800'38e8    0x44  logf.o [5]
  .text              ro code   0x800'392c    0x2c  copy_init3.o [6]
  .text              ro code   0x800'3958    0x28  data_init.o [6]
  .text              ro code   0x800'3980    0x22  fpinit_M.o [5]
  .iar.init_table    const     0x800'39a4    0x24  - Linker created -
  .text              ro code   0x800'39c8    0x1e  cmain.o [6]
  .text              ro code   0x800'39e6     0x4  low_level_init.o [2]
  .text              ro code   0x800'39ea     0x4  exit.o [2]
  .text              ro code   0x800'39f0     0xa  cexit.o [6]
  .rodata            const     0x800'39fc    0x10  stm32f4_discovery.o [1]
  .text              ro code   0x800'3a0c    0x10  startup_stm32f40_41xxx.o [1]
  .text              ro code   0x800'3a1c     0xc  cstartup_M.o [6]
  .rodata            const     0x800'3a28     0x8  stm32f4_discovery.o [1]
  .rodata            const     0x800'3a30     0x4  microphone.o [1]
  .rodata            const     0x800'3a34     0x4  microphone.o [1]
  .text              ro code   0x800'3a38     0x4  startup_stm32f40_41xxx.o [1]
  .text              ro code   0x800'3a3c     0x4  startup_stm32f40_41xxx.o [1]
  .text              ro code   0x800'3a40     0x4  startup_stm32f40_41xxx.o [1]
  .text              ro code   0x800'3a44     0x4  startup_stm32f40_41xxx.o [1]
  .text              ro code   0x800'3a48     0x4  startup_stm32f40_41xxx.o [1]
  .text              ro code   0x800'3a4c     0x4  startup_stm32f40_41xxx.o [1]
  .text              ro code   0x800'3a50     0x4  startup_stm32f40_41xxx.o [1]
  .text              ro code   0x800'3a54     0x4  startup_stm32f40_41xxx.o [1]
  .text              ro code   0x800'3a58     0x4  startup_stm32f40_41xxx.o [1]
  .text              ro code   0x800'3a5c     0x4  startup_stm32f40_41xxx.o [1]
  .text              ro code   0x800'3a60     0x4  startup_stm32f40_41xxx.o [1]
  .text              ro code   0x800'3a64     0x4  startup_stm32f40_41xxx.o [1]
  .text              ro code   0x800'3a68     0x4  startup_stm32f40_41xxx.o [1]
  .text              ro code   0x800'3a6c     0x4  startup_stm32f40_41xxx.o [1]
  .text              ro code   0x800'3a70     0x4  startup_stm32f40_41xxx.o [1]
  .text              ro code   0x800'3a74     0x4  startup_stm32f40_41xxx.o [1]
  .text              ro code   0x800'3a78     0x4  startup_stm32f40_41xxx.o [1]
  .text              ro code   0x800'3a7c     0x4  startup_stm32f40_41xxx.o [1]
  .text              ro code   0x800'3a80     0x4  startup_stm32f40_41xxx.o [1]
  .text              ro code   0x800'3a84     0x4  startup_stm32f40_41xxx.o [1]
  .text              ro code   0x800'3a88     0x4  startup_stm32f40_41xxx.o [1]
  .text              ro code   0x800'3a8c     0x4  startup_stm32f40_41xxx.o [1]
  .text              ro code   0x800'3a90     0x4  startup_stm32f40_41xxx.o [1]
  .text              ro code   0x800'3a94     0x4  startup_stm32f40_41xxx.o [1]
  .text              ro code   0x800'3a98     0x4  startup_stm32f40_41xxx.o [1]
  .text              ro code   0x800'3a9c     0x4  startup_stm32f40_41xxx.o [1]
  .text              ro code   0x800'3aa0     0x4  startup_stm32f40_41xxx.o [1]
  .text              ro code   0x800'3aa4     0x4  startup_stm32f40_41xxx.o [1]
  .text              ro code   0x800'3aa8     0x4  startup_stm32f40_41xxx.o [1]
  .text              ro code   0x800'3aac     0x4  startup_stm32f40_41xxx.o [1]
  .text              ro code   0x800'3ab0     0x4  startup_stm32f40_41xxx.o [1]
  .text              ro code   0x800'3ab4     0x4  startup_stm32f40_41xxx.o [1]
  .text              ro code   0x800'3ab8     0x4  startup_stm32f40_41xxx.o [1]
  .text              ro code   0x800'3abc     0x4  startup_stm32f40_41xxx.o [1]
  .text              ro code   0x800'3ac0     0x4  startup_stm32f40_41xxx.o [1]
  .text              ro code   0x800'3ac4     0x4  startup_stm32f40_41xxx.o [1]
  .text              ro code   0x800'3ac8     0x4  startup_stm32f40_41xxx.o [1]
  .text              ro code   0x800'3acc     0x4  startup_stm32f40_41xxx.o [1]
  .text              ro code   0x800'3ad0     0x4  startup_stm32f40_41xxx.o [1]
  .text              ro code   0x800'3ad4     0x4  startup_stm32f40_41xxx.o [1]
  .text              ro code   0x800'3ad8     0x4  startup_stm32f40_41xxx.o [1]
  .text              ro code   0x800'3adc     0x4  startup_stm32f40_41xxx.o [1]
  .text              ro code   0x800'3ae0     0x4  startup_stm32f40_41xxx.o [1]
  .text              ro code   0x800'3ae4     0x4  startup_stm32f40_41xxx.o [1]
  .text              ro code   0x800'3ae8     0x4  startup_stm32f40_41xxx.o [1]
  .text              ro code   0x800'3aec     0x4  startup_stm32f40_41xxx.o [1]
  .text              ro code   0x800'3af0     0x4  startup_stm32f40_41xxx.o [1]
  .text              ro code   0x800'3af4     0x4  startup_stm32f40_41xxx.o [1]
  .text              ro code   0x800'3af8     0x4  startup_stm32f40_41xxx.o [1]
  .text              ro code   0x800'3afc     0x4  startup_stm32f40_41xxx.o [1]
  .text              ro code   0x800'3b00     0x4  startup_stm32f40_41xxx.o [1]
  .text              ro code   0x800'3b04     0x4  startup_stm32f40_41xxx.o [1]
  .text              ro code   0x800'3b08     0x4  startup_stm32f40_41xxx.o [1]
  .text              ro code   0x800'3b0c     0x4  startup_stm32f40_41xxx.o [1]
  .text              ro code   0x800'3b10     0x4  startup_stm32f40_41xxx.o [1]
  .text              ro code   0x800'3b14     0x4  startup_stm32f40_41xxx.o [1]
  .text              ro code   0x800'3b18     0x4  startup_stm32f40_41xxx.o [1]
  .text              ro code   0x800'3b1c     0x4  startup_stm32f40_41xxx.o [1]
  .text              ro code   0x800'3b20     0x4  startup_stm32f40_41xxx.o [1]
  .text              ro code   0x800'3b24     0x4  startup_stm32f40_41xxx.o [1]
  .text              ro code   0x800'3b28     0x4  startup_stm32f40_41xxx.o [1]
  .text              ro code   0x800'3b2c     0x4  startup_stm32f40_41xxx.o [1]
  .text              ro code   0x800'3b30     0x4  startup_stm32f40_41xxx.o [1]
  .text              ro code   0x800'3b34     0x4  startup_stm32f40_41xxx.o [1]
  .text              ro code   0x800'3b38     0x4  startup_stm32f40_41xxx.o [1]
  .text              ro code   0x800'3b3c     0x4  startup_stm32f40_41xxx.o [1]
  .text              ro code   0x800'3b40     0x4  startup_stm32f40_41xxx.o [1]
  .text              ro code   0x800'3b44     0x4  startup_stm32f40_41xxx.o [1]
  .text              ro code   0x800'3b48     0x4  startup_stm32f40_41xxx.o [1]
  .text              ro code   0x800'3b4c     0x4  startup_stm32f40_41xxx.o [1]
  .text              ro code   0x800'3b50     0x4  startup_stm32f40_41xxx.o [1]
  .text              ro code   0x800'3b54     0x4  startup_stm32f40_41xxx.o [1]
  .text              ro code   0x800'3b58     0x4  startup_stm32f40_41xxx.o [1]
  .text              ro code   0x800'3b5c     0x4  startup_stm32f40_41xxx.o [1]
  .text              ro code   0x800'3b60     0x4  startup_stm32f40_41xxx.o [1]
  .text              ro code   0x800'3b64     0x4  startup_stm32f40_41xxx.o [1]
  .text              ro code   0x800'3b68     0x4  startup_stm32f40_41xxx.o [1]
  .text              ro code   0x800'3b6c     0x4  startup_stm32f40_41xxx.o [1]
  .text              ro code   0x800'3b70     0x4  startup_stm32f40_41xxx.o [1]
  .text              ro code   0x800'3b74     0x4  startup_stm32f40_41xxx.o [1]
  .text              ro code   0x800'3b78     0x4  startup_stm32f40_41xxx.o [1]
  .text              ro code   0x800'3b7c     0x4  startup_stm32f40_41xxx.o [1]
  .text              ro code   0x800'3b80     0x4  startup_stm32f40_41xxx.o [1]
  .text              ro code   0x800'3b84     0x4  startup_stm32f40_41xxx.o [1]
  .text              ro code   0x800'3b88     0x4  startup_stm32f40_41xxx.o [1]
  .text              ro code   0x800'3b8c     0x4  startup_stm32f40_41xxx.o [1]
  .text              ro code   0x800'3b90     0x4  startup_stm32f40_41xxx.o [1]
  .text              ro code   0x800'3b94     0x4  startup_stm32f40_41xxx.o [1]
  .rodata            const     0x800'3b98     0x0  zero_init3.o [6]
  .rodata            const     0x800'3b98     0x0  copy_init3.o [6]
  Initializer bytes  const     0x800'3b98   0x32c  <for P4 s0>
                             - 0x800'3ec4  0x3d3c

"P3":                                      0x2000
  CSTACK                      0x1000'0000  0x2000  <Block>
    CSTACK           uninit   0x1000'0000  0x2000  <Block tail>
                            - 0x1000'2000  0x2000

"P4", part 1 of 3:                          0x32c
  P4 s0                       0x2000'0000   0x32c  <Init block>
    .data            inited   0x2000'0000   0x304  pdm_filter.o [4]
    .data            inited   0x2000'0304    0x10  stm32f4_discovery.o [1]
    .data            inited   0x2000'0314    0x10  stm32f4xx_rcc.o [1]
    .data            inited   0x2000'0324     0x4  microphone.o [1]
    .data            inited   0x2000'0328     0x4  microphone.o [1]
                            - 0x2000'032c   0x32c

"P4", part 2 of 3:                          0x38c
  .bss               zero     0x2000'032c   0x1d8  dlmalloc.o [2]
  .bss               zero     0x2000'0504    0x80  microphone.o [1]
  .bss               zero     0x2000'0584    0x80  microphone.o [1]
  .bss               zero     0x2000'0604    0x34  microphone.o [1]
  .bss               zero     0x2000'0638    0x20  microphone.o [1]
  .bss               zero     0x2000'0658    0x20  microphone.o [1]
  .bss               zero     0x2000'0678    0x18  dlmalloc.o [2]
  .bss               zero     0x2000'0690     0x4  microphone.o [1]
  .bss               zero     0x2000'0694     0x4  microphone.o [1]
  .bss               zero     0x2000'0698     0x4  microphone.o [1]
  .bss               zero     0x2000'069c     0x4  microphone.o [1]
  .bss               zero     0x2000'06a0     0x4  microphone.o [1]
  .bss               zero     0x2000'06a4     0x4  microphone.o [1]
  .bss               zero     0x2000'06a8     0x4  microphone.o [1]
  .bss               zero     0x2000'06ac     0x4  new.o [3]
  .bss               zero     0x2000'06b0     0x4  xgetmemchunk.o [2]
  .bss               zero     0x2000'06b4     0x1  microphone.o [1]
                            - 0x2000'06b5   0x389

"P4", part 3 of 3:                         0x2000
  HEAP                        0x2000'06b8  0x2000  <Block>
    HEAP             uninit   0x2000'06b8  0x2000  <Block tail>
                            - 0x2000'26b8  0x2000

Unused ranges:

         From           To      Size
         ----           --      ----
   0x800'3ec4   0x80f'ffff  0xf'c13c
  0x1000'2000  0x1000'ffff    0xe000
  0x2000'26b8  0x2001'bfff  0x1'9948
  0x2001'c000  0x2001'ffff    0x4000


*******************************************************************************
*** INIT TABLE
***

          Address      Size
          -------      ----
Zero (__iar_zero_init3)
    1 destination range, total size 0x389:
          0x2000'032c  0x389

Copy (__iar_copy_init3)
    1 source range, total size 0x32c:
           0x800'3b98  0x32c
    1 destination range, total size 0x32c:
          0x2000'0000  0x32c



*******************************************************************************
*** MODULE SUMMARY
***

    Module                    ro code  ro data  rw data
    ------                    -------  -------  -------
command line/config:
    ---------------------------------------------------
    Total:

C:\Users\kinou\Documents\projetsIAR\Debug\Obj: [1]
    FastFourierTransform.o        352
    microphone.o                2 446       16      409
    misc.o                        116
    startup_stm32f40_41xxx.o      760
    stm32f4_discovery.o           128       40       16
    stm32f4xx_gpio.o              270
    stm32f4xx_i2c.o               468
    stm32f4xx_rcc.o               436       16       16
    stm32f4xx_spi.o               604
    stm32f4xx_usart.o             454
    system_stm32f4xx.o            292
    ---------------------------------------------------
    Total:                      6 326       72      441

dl7M_tln.a: [2]
    abort.o                         6
    dlmalloc.o                  3 968               496
    exit.o                          4
    low_level_init.o                4
    xgetmemchunk.o                 44                 4
    ---------------------------------------------------
    Total:                      4 026               500

dlpp7M_tl_nc.a: [3]
    cxxabi.o                       82
    new.o                                             4
    newaop_0.o                      4
    newop_0.o                      36
    nomemory.o                      4
    ---------------------------------------------------
    Total:                        126                 4

libPDMFilter_IAR.a: [4]
    pdm_filter.o                1 024      772      772
    ---------------------------------------------------
    Total:                      1 024      772      772

m7M_tls.a: [5]
    DblAdd.o                      378
    DblCmpLe.o                     46
    DblDiv.o                      582
    DblMul.o                      418
    DblSub.o                      226
    DblToFlt.o                    104
    DblToS32.o                     58
    FltCmpEq.o                     28
    FltMul.o                       18
    FltToDbl.o                     72
    S32ToDbl.o                     34
    U32ToDbl.o                     26
    cos_sin64.o                 1 092
    fpinit_M.o                     34
    logf.o                        192       68
    math_wrappers64.o              30
    sqrtf.o                        30
    ---------------------------------------------------
    Total:                      3 368       68

rt7M_tl.a: [6]
    cexit.o                        10
    cmain.o                        30
    copy_init3.o                   44
    cstartup_M.o                   12
    data_init.o                    40
    zero_init3.o                   58
    ---------------------------------------------------
    Total:                        194

shb_l.a: [7]
    exit.o                         20
    unwind_debug.o                           1
    ---------------------------------------------------
    Total:                         20        1

    Gaps                           31        4
    Linker created                          36   16 384
-------------------------------------------------------
    Grand Total:               15 115      953   18 101


*******************************************************************************
*** ENTRY LIST
***

Entry                       Address   Size  Type      Object
-----                       -------   ----  ----      ------
.iar.init_table$$Base    0x800'39a4          --   Gb  - Linker created -
.iar.init_table$$Limit   0x800'39c8          --   Gb  - Linker created -
?main                    0x800'39c9         Code  Gb  cmain.o [6]
APBAHBPrescTable        0x2000'0314   0x10  Data  Lc  stm32f4xx_rcc.o [1]
CSTACK$$Base            0x1000'0000          --   Gb  - Linker created -
CSTACK$$Limit           0x1000'2000          --   Gb  - Linker created -
FastFourierTransform::FastFourierTransform(unsigned int)
                         0x800'1c25  0x156  Code  Gb  FastFourierTransform.o [1]
FastFourierTransform::fft(float *)
                         0x800'2185  0x120  Code  Gb  microphone.o [1]
Filter                  0x2000'0604   0x34  Data  Gb  microphone.o [1]
GPIO_CLK                 0x800'39fc   0x10  Data  Lc  stm32f4_discovery.o [1]
GPIO_Init                0x800'2695   0xb6  Code  Gb  stm32f4xx_gpio.o [1]
GPIO_PIN                 0x800'3a28    0x8  Data  Lc  stm32f4_discovery.o [1]
GPIO_PORT               0x2000'0304   0x10  Data  Gb  stm32f4_discovery.o [1]
GPIO_PinAFConfig         0x800'274f   0x54  Code  Gb  stm32f4xx_gpio.o [1]
GPIO_SetBits             0x800'274b    0x4  Code  Gb  stm32f4xx_gpio.o [1]
HEAP$$Base              0x2000'06b8          --   Gb  - Linker created -
HEAP$$Limit             0x2000'26b8          --   Gb  - Linker created -
I2C_AcknowledgeConfig    0x800'28df   0x1c  Code  Gb  stm32f4xx_i2c.o [1]
I2C_CheckEvent           0x800'2907   0x24  Code  Gb  stm32f4xx_i2c.o [1]
I2C_ClearFlag            0x800'296d    0xc  Code  Gb  stm32f4xx_i2c.o [1]
I2C_Cmd                  0x800'2875   0x1c  Code  Gb  stm32f4xx_i2c.o [1]
I2C_GenerateSTART        0x800'2891   0x1c  Code  Gb  stm32f4xx_i2c.o [1]
I2C_GenerateSTOP         0x800'28ad   0x1c  Code  Gb  stm32f4xx_i2c.o [1]
I2C_GetFlagStatus        0x800'292b   0x42  Code  Gb  stm32f4xx_i2c.o [1]
I2C_Init                 0x800'27a5   0xc2  Code  Gb  stm32f4xx_i2c.o [1]
I2C_ReceiveData          0x800'2901    0x6  Code  Gb  stm32f4xx_i2c.o [1]
I2C_Send7bitAddress      0x800'28c9   0x16  Code  Gb  stm32f4xx_i2c.o [1]
I2C_SendData             0x800'28fb    0x6  Code  Gb  stm32f4xx_i2c.o [1]
I2S_Cmd                  0x800'1b79   0x1c  Code  Gb  stm32f4xx_spi.o [1]
I2S_Init                 0x800'1a4f   0xfa  Code  Gb  stm32f4xx_spi.o [1]
NVIC_Init                0x800'2621   0x64  Code  Gb  misc.o [1]
PDM_Filter_64_LSB        0x800'1e79  0x2ee  Code  Gb  pdm_filter.o [4]
PDM_Filter_Init          0x800'1d85   0xf4  Code  Gb  pdm_filter.o [4]
RCC_AHB1PeriphClockCmd   0x800'253b   0x1c  Code  Gb  stm32f4xx_rcc.o [1]
RCC_APB1PeriphClockCmd   0x800'2557   0x1c  Code  Gb  stm32f4xx_rcc.o [1]
RCC_APB1PeriphResetCmd   0x800'2573   0x1c  Code  Gb  stm32f4xx_rcc.o [1]
RCC_APB2PeriphResetCmd   0x800'258f   0x1c  Code  Gb  stm32f4xx_rcc.o [1]
RCC_GetClocksFreq        0x800'2477   0xbc  Code  Gb  stm32f4xx_rcc.o [1]
RCC_GetFlagStatus        0x800'25ab   0x3c  Code  Gb  stm32f4xx_rcc.o [1]
RCC_I2SCLKConfig         0x800'2533    0x8  Code  Gb  stm32f4xx_rcc.o [1]
RCC_PLLI2SCmd            0x800'246d    0xa  Code  Gb  stm32f4xx_rcc.o [1]
Region$$Table$$Base      0x800'39a4          --   Gb  - Linker created -
Region$$Table$$Limit     0x800'39c8          --   Gb  - Linker created -
SPI2_IRQHandler          0x800'17b3   0x4e  Code  Gb  microphone.o [1]
SPI3_IRQHandler          0x800'1801   0x3e  Code  Gb  microphone.o [1]
SPI_I2S_DeInit           0x800'19a5   0xaa  Code  Gb  stm32f4xx_spi.o [1]
SPI_I2S_GetITStatus      0x800'1bc5   0x3c  Code  Gb  stm32f4xx_spi.o [1]
SPI_I2S_ITConfig         0x800'1b9d   0x28  Code  Gb  stm32f4xx_spi.o [1]
SPI_I2S_ReceiveData      0x800'1b95    0x4  Code  Gb  stm32f4xx_spi.o [1]
SPI_I2S_SendData         0x800'1b99    0x4  Code  Gb  stm32f4xx_spi.o [1]
STM_EVAL_LEDInit         0x800'1925   0x48  Code  Gb  stm32f4_discovery.o [1]
STM_EVAL_LEDOff          0x800'1983   0x16  Code  Gb  stm32f4_discovery.o [1]
STM_EVAL_LEDOn           0x800'196d   0x16  Code  Gb  stm32f4_discovery.o [1]
SystemInit               0x800'37c5   0x46  Code  Gb  system_stm32f4xx.o [1]
T0                      0x2000'0004  0x100  Data  Gb  pdm_filter.o [4]
T1                      0x2000'0104  0x100  Data  Gb  pdm_filter.o [4]
T2                      0x2000'0204  0x100  Data  Gb  pdm_filter.o [4]
USART2_IRQHandler        0x800'183f   0x68  Code  Gb  microphone.o [1]
USART_Cmd                0x800'236d   0x1c  Code  Gb  stm32f4xx_usart.o [1]
USART_GetFlagStatus      0x800'23ed   0x1a  Code  Gb  stm32f4xx_usart.o [1]
USART_GetITStatus        0x800'2407   0x64  Code  Gb  stm32f4xx_usart.o [1]
USART_ITConfig           0x800'2399   0x54  Code  Gb  stm32f4xx_usart.o [1]
USART_Init               0x800'22a5   0xb8  Code  Gb  stm32f4xx_usart.o [1]
USART_ReceiveData        0x800'2391    0x8  Code  Gb  stm32f4xx_usart.o [1]
USART_SendData           0x800'2389    0x8  Code  Gb  stm32f4xx_usart.o [1]
[local to system_stm32f4xx_c]::SetSysClock()
                         0x800'380b   0xaa  Code  Lc  system_stm32f4xx.o [1]
__aeabi_cdcmple          0x800'3795         Code  Gb  DblCmpLe.o [5]
__aeabi_cfcmpeq          0x800'2f31         Code  Gb  FltCmpEq.o [5]
__aeabi_d2f              0x800'2ebd         Code  Gb  DblToFlt.o [5]
__aeabi_d2iz             0x800'3125         Code  Gb  DblToS32.o [5]
__aeabi_dadd             0x800'2fa9         Code  Gb  DblAdd.o [5]
__aeabi_ddiv             0x800'2c55         Code  Gb  DblDiv.o [5]
__aeabi_dmul             0x800'2ab1         Code  Gb  DblMul.o [5]
__aeabi_dsub             0x800'3691         Code  Gb  DblSub.o [5]
__aeabi_f2d              0x800'2f61         Code  Gb  FltToDbl.o [5]
__aeabi_fmul             0x800'2f4d   0x12  Code  Gb  FltMul.o [5]
__aeabi_i2d              0x800'3161         Code  Gb  S32ToDbl.o [5]
__aeabi_ui2d             0x800'2a95         Code  Gb  U32ToDbl.o [5]
__aeabi_vec_ctor_nocookie_nodtor
                         0x800'2a3d   0x28  Code  Gb  cxxabi.o [3]
__aeabi_vec_new_nocookie
                         0x800'2a65   0x2a  Code  Gb  cxxabi.o [3]
__cmain                  0x800'39c9         Code  Gb  cmain.o [6]
__data_GetMemChunk       0x800'1149   0x2c  Code  Gb  xgetmemchunk.o [2]
__data_GetMemChunk::start
                        0x2000'06b0    0x4  Data  Lc  xgetmemchunk.o [2]
__exit                   0x800'1175   0x14  Code  Gb  exit.o [7]
__iar_Sin64              0x800'324d  0x3aa  Code  Lc  cos_sin64.o [5]
__iar_copy_init3         0x800'392d   0x2c  Code  Gb  copy_init3.o [6]
__iar_cos64              0x800'3689    0x4  Code  Gb  cos_sin64.o [5]
__iar_cos_medium         0x800'3689    0x4  Code  Gb  cos_sin64.o [5]
__iar_cos_medium64       0x800'3689    0x4  Code  Gb  cos_sin64.o [5]
__iar_cos_mediuml        0x800'3689    0x4  Code  Gb  cos_sin64.o [5]
__iar_dadd               0x800'36a1         Code  Gb  DblSub.o [5]
__iar_data_init3         0x800'3959   0x28  Code  Gb  data_init.o [6]
__iar_debug_exceptions   0x800'246a    0x1  Data  Gb  unwind_debug.o [7]
__iar_dlmalloc           0x800'0e4d  0x2b6  Code  Gb  dlmalloc.o [2]
__iar_dsub               0x800'2fb9         Code  Gb  DblAdd.o [5]
__iar_dsubStart          0x800'2fcb         Code  Gb  DblAdd.o [5]
__iar_init_vfp           0x800'3981         Code  Gb  fpinit_M.o [5]
__iar_log32              0x800'297d         Code  Gb  logf.o [5]
__iar_log_medium32       0x800'297d         Code  Gb  logf.o [5]
__iar_log_mediumf        0x800'297d         Code  Gb  logf.o [5]
__iar_logf_NoFini        0x800'2a15         Code  Gb  logf.o [5]
__iar_logf_ZerNeg        0x800'2a29         Code  Gb  logf.o [5]
__iar_logf_cTab          0x800'38e8         Data  Gb  logf.o [5]
__iar_program_start      0x800'3a1d         Code  Gb  cstartup_M.o [6]
__iar_safe_logf          0x800'299d         Code  Gb  logf.o [5]
__iar_sin64              0x800'368d    0x4  Code  Gb  cos_sin64.o [5]
__iar_sin_medium         0x800'368d    0x4  Code  Gb  cos_sin64.o [5]
__iar_sin_medium64       0x800'368d    0x4  Code  Gb  cos_sin64.o [5]
__iar_sin_mediuml        0x800'368d    0x4  Code  Gb  cos_sin64.o [5]
__iar_sqrt32             0x800'3775         Code  Gb  sqrtf.o [5]
__iar_vfp_cos            0x800'2ea3    0xc  Code  Gb  math_wrappers64.o [5]
__iar_vfp_sin            0x800'2eaf    0xc  Code  Gb  math_wrappers64.o [5]
__iar_zero_init3         0x800'110f   0x3a  Code  Gb  zero_init3.o [6]
__low_level_init         0x800'39e7    0x4  Code  Gb  low_level_init.o [2]
__vector_table           0x800'0000         Data  Gb  startup_stm32f40_41xxx.o [1]
_call_main               0x800'39d5         Code  Gb  cmain.o [6]
_exit                    0x800'39f1         Code  Gb  cexit.o [6]
_gm_                    0x2000'032c  0x1d8  Data  Lc  dlmalloc.o [2]
_main                    0x800'39e3         Code  Gb  cmain.o [6]
abort                    0x800'1109    0x6  Code  Gb  abort.o [2]
add_segment              0x800'0551  0x1f2  Code  Lc  dlmalloc.o [2]
byteIndex               0x2000'06a4    0x4  Data  Gb  microphone.o [1]
cos                      0x800'3689    0x4  Code  Gb  cos_sin64.o [5]
cosl                     0x800'3689    0x4  Code  Gb  cos_sin64.o [5]
dacBufferRD             0x2000'0658   0x20  Data  Gb  microphone.o [1]
dacBufferWT             0x2000'0638   0x20  Data  Gb  microphone.o [1]
dacChannel              0x2000'0698    0x4  Data  Gb  microphone.o [1]
dacIndex                0x2000'0694    0x4  Data  Gb  microphone.o [1]
exit                     0x800'39eb    0x4  Code  Gb  exit.o [2]
f2b                     0x2000'06a8    0x4  Data  Gb  microphone.o [1]
fftBufferRD             0x2000'069c    0x4  Data  Gb  microphone.o [1]
initARM()                0x800'12e5   0xb2  Code  Gb  microphone.o [1]
initCODEC()              0x800'15ed   0x82  Code  Gb  microphone.o [1]
initI2C()                0x800'1413   0x84  Code  Gb  microphone.o [1]
initI2S()                0x800'149d  0x12c  Code  Gb  microphone.o [1]
initPDM()                0x800'15c9   0x24  Code  Gb  microphone.o [1]
initUSART()              0x800'1397   0x7c  Code  Gb  microphone.o [1]
init_mparams             0x800'01a3   0x32  Code  Lc  dlmalloc.o [2]
init_top                 0x800'01d5   0x36  Code  Lc  dlmalloc.o [2]
komplex::abs()           0x800'322b   0x20  Code  Gb  microphone.o [1]
komplex::komplex(float, float)
                         0x800'2f25    0xa  Code  Gb  microphone.o [1]
komplex::operator *(komplex)
                         0x800'31e3   0x48  Code  Gb  microphone.o [1]
komplex::operator +(komplex)
                         0x800'3183   0x30  Code  Gb  microphone.o [1]
komplex::operator -(komplex)
                         0x800'31b3   0x30  Code  Gb  microphone.o [1]
logf                     0x800'297d         Code  Gb  logf.o [5]
main                     0x800'1189  0x15c  Code  Gb  microphone.o [1]
micBufferPing           0x2000'0504   0x80  Data  Gb  microphone.o [1]
micBufferPong           0x2000'0584   0x80  Data  Gb  microphone.o [1]
micBufferRD             0x2000'0328    0x4  Data  Gb  microphone.o [1]
micBufferWT             0x2000'0324    0x4  Data  Gb  microphone.o [1]
micFlag                 0x2000'06b4    0x1  Data  Gb  microphone.o [1]
micIndex                0x2000'0690    0x4  Data  Gb  microphone.o [1]
mparams                 0x2000'0678   0x18  Data  Lc  dlmalloc.o [2]
operator new (unsigned int)
                         0x800'1c01   0x24  Code  Gb  newop_0.o [3]
operator new[] (unsigned int)
                         0x800'2a8f    0x4  Code  Gb  newaop_0.o [3]
pdmHPF                   0x800'3a30    0x4  Data  Lc  microphone.o [1]
pdmLPF                   0x800'3a34    0x4  Data  Lc  microphone.o [1]
pointIndex              0x2000'06a0    0x4  Data  Gb  microphone.o [1]
prepend_alloc            0x800'020b  0x346  Code  Lc  dlmalloc.o [2]
readCODEC(unsigned char)
                         0x800'16e7   0xcc  Code  Gb  microphone.o [1]
segment_holding          0x800'0189   0x1a  Code  Lc  dlmalloc.o [2]
sin                      0x800'368d    0x4  Code  Gb  cos_sin64.o [5]
sinl                     0x800'368d    0x4  Code  Gb  cos_sin64.o [5]
sqrtf                    0x800'3775         Code  Gb  sqrtf.o [5]
std::_NomemoryNothrow()
                         0x800'2979    0x4  Code  Gb  nomemory.o [3]
std::__iar_New_hand     0x2000'06ac    0x4  Data  Gb  new.o [3]
stm32_crc               0x2000'0000    0x4  Data  Gb  pdm_filter.o [4]
sys_alloc                0x800'0749  0x164  Code  Lc  dlmalloc.o [2]
tmalloc_large            0x800'08b9  0x386  Code  Lc  dlmalloc.o [2]
tmalloc_small            0x800'0c3f  0x200  Code  Lc  dlmalloc.o [2]
writeCODEC(unsigned char, unsigned char)
                         0x800'166f   0x78  Code  Gb  microphone.o [1]


[1] = C:\Users\kinou\Documents\projetsIAR\Debug\Obj
[2] = dl7M_tln.a
[3] = dlpp7M_tl_nc.a
[4] = libPDMFilter_IAR.a
[5] = m7M_tls.a
[6] = rt7M_tl.a
[7] = shb_l.a

  15 115 bytes of readonly  code memory
     953 bytes of readonly  data memory
  18 101 bytes of readwrite data memory

Errors: none
Warnings: 2
