###############################################################################
#
# IAR ELF Linker V8.32.1.169/W32 for ARM                  09/Nov/2020  10:18:27
# Copyright 2007-2018 IAR Systems AB.
#
#    Output file  =  
#        C:\Users\kinou\Documents\projetsIAR\Debug\Exe\Experiment2.out
#    Map file     =  
#        C:\Users\kinou\Documents\projetsIAR\Debug\List\Experiment2.map
#    Command line =  
#        -f C:\Users\kinou\AppData\Local\Temp\EWA62.tmp
#        (C:\Users\kinou\Documents\projetsIAR\Debug\Obj\misc.o
#        C:\Users\kinou\Documents\projetsIAR\Debug\Obj\startup_stm32f40_41xxx.o
#        C:\Users\kinou\Documents\projetsIAR\Debug\Obj\stm32f4_discovery.o
#        C:\Users\kinou\Documents\projetsIAR\Debug\Obj\stm32f4xx_adc.o
#        C:\Users\kinou\Documents\projetsIAR\Debug\Obj\stm32f4xx_can.o
#        C:\Users\kinou\Documents\projetsIAR\Debug\Obj\stm32f4xx_cec.o
#        C:\Users\kinou\Documents\projetsIAR\Debug\Obj\stm32f4xx_crc.o
#        C:\Users\kinou\Documents\projetsIAR\Debug\Obj\stm32f4xx_cryp.o
#        C:\Users\kinou\Documents\projetsIAR\Debug\Obj\stm32f4xx_cryp_aes.o
#        C:\Users\kinou\Documents\projetsIAR\Debug\Obj\stm32f4xx_cryp_des.o
#        C:\Users\kinou\Documents\projetsIAR\Debug\Obj\stm32f4xx_cryp_tdes.o
#        C:\Users\kinou\Documents\projetsIAR\Debug\Obj\stm32f4xx_dac.o
#        C:\Users\kinou\Documents\projetsIAR\Debug\Obj\stm32f4xx_dbgmcu.o
#        C:\Users\kinou\Documents\projetsIAR\Debug\Obj\stm32f4xx_dcmi.o
#        C:\Users\kinou\Documents\projetsIAR\Debug\Obj\stm32f4xx_dfsdm.o
#        C:\Users\kinou\Documents\projetsIAR\Debug\Obj\stm32f4xx_dma.o
#        C:\Users\kinou\Documents\projetsIAR\Debug\Obj\stm32f4xx_dma2d.o
#        C:\Users\kinou\Documents\projetsIAR\Debug\Obj\stm32f4xx_dsi.o
#        C:\Users\kinou\Documents\projetsIAR\Debug\Obj\stm32f4xx_exti.o
#        C:\Users\kinou\Documents\projetsIAR\Debug\Obj\stm32f4xx_flash.o
#        C:\Users\kinou\Documents\projetsIAR\Debug\Obj\stm32f4xx_flash_ramfunc.o
#        C:\Users\kinou\Documents\projetsIAR\Debug\Obj\stm32f4xx_fmpi2c.o
#        C:\Users\kinou\Documents\projetsIAR\Debug\Obj\stm32f4xx_fsmc.o
#        C:\Users\kinou\Documents\projetsIAR\Debug\Obj\stm32f4xx_gpio.o
#        C:\Users\kinou\Documents\projetsIAR\Debug\Obj\stm32f4xx_hash.o
#        C:\Users\kinou\Documents\projetsIAR\Debug\Obj\stm32f4xx_hash_md5.o
#        C:\Users\kinou\Documents\projetsIAR\Debug\Obj\stm32f4xx_hash_sha1.o
#        C:\Users\kinou\Documents\projetsIAR\Debug\Obj\stm32f4xx_i2c.o
#        C:\Users\kinou\Documents\projetsIAR\Debug\Obj\stm32f4xx_iwdg.o
#        C:\Users\kinou\Documents\projetsIAR\Debug\Obj\stm32f4xx_lptim.o
#        C:\Users\kinou\Documents\projetsIAR\Debug\Obj\stm32f4xx_ltdc.o
#        C:\Users\kinou\Documents\projetsIAR\Debug\Obj\stm32f4xx_pwr.o
#        C:\Users\kinou\Documents\projetsIAR\Debug\Obj\stm32f4xx_qspi.o
#        C:\Users\kinou\Documents\projetsIAR\Debug\Obj\stm32f4xx_rcc.o
#        C:\Users\kinou\Documents\projetsIAR\Debug\Obj\stm32f4xx_rng.o
#        C:\Users\kinou\Documents\projetsIAR\Debug\Obj\stm32f4xx_rtc.o
#        C:\Users\kinou\Documents\projetsIAR\Debug\Obj\stm32f4xx_sai.o
#        C:\Users\kinou\Documents\projetsIAR\Debug\Obj\stm32f4xx_sdio.o
#        C:\Users\kinou\Documents\projetsIAR\Debug\Obj\stm32f4xx_spdifrx.o
#        C:\Users\kinou\Documents\projetsIAR\Debug\Obj\stm32f4xx_spi.o
#        C:\Users\kinou\Documents\projetsIAR\Debug\Obj\stm32f4xx_syscfg.o
#        C:\Users\kinou\Documents\projetsIAR\Debug\Obj\stm32f4xx_tim.o
#        C:\Users\kinou\Documents\projetsIAR\Debug\Obj\stm32f4xx_usart.o
#        C:\Users\kinou\Documents\projetsIAR\Debug\Obj\stm32f4xx_wwdg.o
#        C:\Users\kinou\Documents\projetsIAR\Debug\Obj\system_stm32f4xx.o
#        C:\Users\kinou\Documents\projetsIAR\Debug\Obj\timer.o
#        --no_out_extension -o
#        C:\Users\kinou\Documents\projetsIAR\Debug\Exe\Experiment2.out --map
#        C:\Users\kinou\Documents\projetsIAR\Debug\List\Experiment2.map
#        --config "C:\Program Files (x86)\IAR Systems\Embedded Workbench
#        8.2\arm\config\linker\ST\stm32f407xG.icf" --semihosting --entry
#        __iar_program_start --vfe --text_out locale)
#
###############################################################################

*******************************************************************************
*** RUNTIME MODEL ATTRIBUTES
***

CppFlavor        = *
__CPP_Exceptions = Disabled
__CPP_Language   = C++14
__SystemLibrary  = DLib
__dlib_version   = 6


*******************************************************************************
*** HEAP SELECTION
***

The basic heap was selected because no calls to memory allocation
functions were found in the application outside of system library
functions, and there are calls to deallocation functions in the
application.


*******************************************************************************
*** PLACEMENT SUMMARY
***

"A0":  place at 0x800'0000 { ro section .intvec };
"P1":  place in [from 0x800'0000 to 0x80f'ffff] { ro };
define block CSTACK with size = 8K, alignment = 8 { };
"P3":  place in [from 0x1000'0000 to 0x1000'ffff] {
          block CSTACK, section .ccram };
define block HEAP with size = 8K, alignment = 8 { };
"P4":  place in [from 0x2000'0000 to 0x2001'bfff] |
                [from 0x2001'c000 to 0x2001'ffff] { rw, block HEAP };
initialize by copy { rw };

No sections matched the following patterns:

  ro section application_specific_ro  in "P2"
  section .backup_sram                in "P5"
  section .ccram                      in "P3"


  Section            Kind         Address    Size  Object
  -------            ----         -------    ----  ------
"A0":                                       0x188
  .intvec            ro code   0x800'0000   0x188  startup_stm32f40_41xxx.o [1]
                             - 0x800'0188   0x188

"P1":                                       0x824
  .text              ro code   0x800'0188   0x1b8  timer.o [1]
  .text              ro code   0x800'0340    0x40  stm32f4xx_rcc.o [1]
  .text              ro code   0x800'0380    0x74  misc.o [1]
  .text              ro code   0x800'03f4    0x7c  stm32f4_discovery.o [1]
  .text              ro code   0x800'0470    0xe8  stm32f4xx_tim.o [1]
  .text              ro code   0x800'0558    0xb6  stm32f4xx_gpio.o [1]
  .rodata            const     0x800'060e     0x1  unwind_debug.o [5]
  .text              ro code   0x800'0610   0x124  system_stm32f4xx.o [1]
  .text              ro code   0x800'0734    0x2c  copy_init3.o [4]
  .text              ro code   0x800'0760    0x28  data_init.o [4]
  .text              ro code   0x800'0788    0x22  fpinit_M.o [3]
  .iar.init_table    const     0x800'07ac    0x14  - Linker created -
  .text              ro code   0x800'07c0    0x1e  cmain.o [4]
  .text              ro code   0x800'07de     0x4  low_level_init.o [2]
  .text              ro code   0x800'07e2     0x4  exit.o [2]
  .text              ro code   0x800'07e8     0xa  cexit.o [4]
  .text              ro code   0x800'07f4    0x14  exit.o [5]
  .rodata            const     0x800'0808    0x10  stm32f4_discovery.o [1]
  .text              ro code   0x800'0818    0x10  startup_stm32f40_41xxx.o [1]
  .text              ro code   0x800'0828     0xc  cstartup_M.o [4]
  .rodata            const     0x800'0834     0x8  stm32f4_discovery.o [1]
  .text              ro code   0x800'083c     0x4  startup_stm32f40_41xxx.o [1]
  .text              ro code   0x800'0840     0x4  startup_stm32f40_41xxx.o [1]
  .text              ro code   0x800'0844     0x4  startup_stm32f40_41xxx.o [1]
  .text              ro code   0x800'0848     0x4  startup_stm32f40_41xxx.o [1]
  .text              ro code   0x800'084c     0x4  startup_stm32f40_41xxx.o [1]
  .text              ro code   0x800'0850     0x4  startup_stm32f40_41xxx.o [1]
  .text              ro code   0x800'0854     0x4  startup_stm32f40_41xxx.o [1]
  .text              ro code   0x800'0858     0x4  startup_stm32f40_41xxx.o [1]
  .text              ro code   0x800'085c     0x4  startup_stm32f40_41xxx.o [1]
  .text              ro code   0x800'0860     0x4  startup_stm32f40_41xxx.o [1]
  .text              ro code   0x800'0864     0x4  startup_stm32f40_41xxx.o [1]
  .text              ro code   0x800'0868     0x4  startup_stm32f40_41xxx.o [1]
  .text              ro code   0x800'086c     0x4  startup_stm32f40_41xxx.o [1]
  .text              ro code   0x800'0870     0x4  startup_stm32f40_41xxx.o [1]
  .text              ro code   0x800'0874     0x4  startup_stm32f40_41xxx.o [1]
  .text              ro code   0x800'0878     0x4  startup_stm32f40_41xxx.o [1]
  .text              ro code   0x800'087c     0x4  startup_stm32f40_41xxx.o [1]
  .text              ro code   0x800'0880     0x4  startup_stm32f40_41xxx.o [1]
  .text              ro code   0x800'0884     0x4  startup_stm32f40_41xxx.o [1]
  .text              ro code   0x800'0888     0x4  startup_stm32f40_41xxx.o [1]
  .text              ro code   0x800'088c     0x4  startup_stm32f40_41xxx.o [1]
  .text              ro code   0x800'0890     0x4  startup_stm32f40_41xxx.o [1]
  .text              ro code   0x800'0894     0x4  startup_stm32f40_41xxx.o [1]
  .text              ro code   0x800'0898     0x4  startup_stm32f40_41xxx.o [1]
  .text              ro code   0x800'089c     0x4  startup_stm32f40_41xxx.o [1]
  .text              ro code   0x800'08a0     0x4  startup_stm32f40_41xxx.o [1]
  .text              ro code   0x800'08a4     0x4  startup_stm32f40_41xxx.o [1]
  .text              ro code   0x800'08a8     0x4  startup_stm32f40_41xxx.o [1]
  .text              ro code   0x800'08ac     0x4  startup_stm32f40_41xxx.o [1]
  .text              ro code   0x800'08b0     0x4  startup_stm32f40_41xxx.o [1]
  .text              ro code   0x800'08b4     0x4  startup_stm32f40_41xxx.o [1]
  .text              ro code   0x800'08b8     0x4  startup_stm32f40_41xxx.o [1]
  .text              ro code   0x800'08bc     0x4  startup_stm32f40_41xxx.o [1]
  .text              ro code   0x800'08c0     0x4  startup_stm32f40_41xxx.o [1]
  .text              ro code   0x800'08c4     0x4  startup_stm32f40_41xxx.o [1]
  .text              ro code   0x800'08c8     0x4  startup_stm32f40_41xxx.o [1]
  .text              ro code   0x800'08cc     0x4  startup_stm32f40_41xxx.o [1]
  .text              ro code   0x800'08d0     0x4  startup_stm32f40_41xxx.o [1]
  .text              ro code   0x800'08d4     0x4  startup_stm32f40_41xxx.o [1]
  .text              ro code   0x800'08d8     0x4  startup_stm32f40_41xxx.o [1]
  .text              ro code   0x800'08dc     0x4  startup_stm32f40_41xxx.o [1]
  .text              ro code   0x800'08e0     0x4  startup_stm32f40_41xxx.o [1]
  .text              ro code   0x800'08e4     0x4  startup_stm32f40_41xxx.o [1]
  .text              ro code   0x800'08e8     0x4  startup_stm32f40_41xxx.o [1]
  .text              ro code   0x800'08ec     0x4  startup_stm32f40_41xxx.o [1]
  .text              ro code   0x800'08f0     0x4  startup_stm32f40_41xxx.o [1]
  .text              ro code   0x800'08f4     0x4  startup_stm32f40_41xxx.o [1]
  .text              ro code   0x800'08f8     0x4  startup_stm32f40_41xxx.o [1]
  .text              ro code   0x800'08fc     0x4  startup_stm32f40_41xxx.o [1]
  .text              ro code   0x800'0900     0x4  startup_stm32f40_41xxx.o [1]
  .text              ro code   0x800'0904     0x4  startup_stm32f40_41xxx.o [1]
  .text              ro code   0x800'0908     0x4  startup_stm32f40_41xxx.o [1]
  .text              ro code   0x800'090c     0x4  startup_stm32f40_41xxx.o [1]
  .text              ro code   0x800'0910     0x4  startup_stm32f40_41xxx.o [1]
  .text              ro code   0x800'0914     0x4  startup_stm32f40_41xxx.o [1]
  .text              ro code   0x800'0918     0x4  startup_stm32f40_41xxx.o [1]
  .text              ro code   0x800'091c     0x4  startup_stm32f40_41xxx.o [1]
  .text              ro code   0x800'0920     0x4  startup_stm32f40_41xxx.o [1]
  .text              ro code   0x800'0924     0x4  startup_stm32f40_41xxx.o [1]
  .text              ro code   0x800'0928     0x4  startup_stm32f40_41xxx.o [1]
  .text              ro code   0x800'092c     0x4  startup_stm32f40_41xxx.o [1]
  .text              ro code   0x800'0930     0x4  startup_stm32f40_41xxx.o [1]
  .text              ro code   0x800'0934     0x4  startup_stm32f40_41xxx.o [1]
  .text              ro code   0x800'0938     0x4  startup_stm32f40_41xxx.o [1]
  .text              ro code   0x800'093c     0x4  startup_stm32f40_41xxx.o [1]
  .text              ro code   0x800'0940     0x4  startup_stm32f40_41xxx.o [1]
  .text              ro code   0x800'0944     0x4  startup_stm32f40_41xxx.o [1]
  .text              ro code   0x800'0948     0x4  startup_stm32f40_41xxx.o [1]
  .text              ro code   0x800'094c     0x4  startup_stm32f40_41xxx.o [1]
  .text              ro code   0x800'0950     0x4  startup_stm32f40_41xxx.o [1]
  .text              ro code   0x800'0954     0x4  startup_stm32f40_41xxx.o [1]
  .text              ro code   0x800'0958     0x4  startup_stm32f40_41xxx.o [1]
  .text              ro code   0x800'095c     0x4  startup_stm32f40_41xxx.o [1]
  .text              ro code   0x800'0960     0x4  startup_stm32f40_41xxx.o [1]
  .text              ro code   0x800'0964     0x4  startup_stm32f40_41xxx.o [1]
  .text              ro code   0x800'0968     0x4  startup_stm32f40_41xxx.o [1]
  .text              ro code   0x800'096c     0x4  startup_stm32f40_41xxx.o [1]
  .text              ro code   0x800'0970     0x4  startup_stm32f40_41xxx.o [1]
  .text              ro code   0x800'0974     0x4  startup_stm32f40_41xxx.o [1]
  .text              ro code   0x800'0978     0x4  startup_stm32f40_41xxx.o [1]
  .text              ro code   0x800'097c     0x4  startup_stm32f40_41xxx.o [1]
  .text              ro code   0x800'0980     0x4  startup_stm32f40_41xxx.o [1]
  .text              ro code   0x800'0984     0x4  startup_stm32f40_41xxx.o [1]
  .text              ro code   0x800'0988     0x4  startup_stm32f40_41xxx.o [1]
  .text              ro code   0x800'098c     0x4  startup_stm32f40_41xxx.o [1]
  .text              ro code   0x800'0990     0x4  startup_stm32f40_41xxx.o [1]
  .text              ro code   0x800'0994     0x4  startup_stm32f40_41xxx.o [1]
  .rodata            const     0x800'0998     0x0  copy_init3.o [4]
  Initializer bytes  const     0x800'0998    0x14  <for P4 s0>
                             - 0x800'09ac   0x824

"P3":                                      0x2000
  CSTACK                      0x1000'0000  0x2000  <Block>
    CSTACK           uninit   0x1000'0000  0x2000  <Block tail>
                            - 0x1000'2000  0x2000

"P4":                                        0x14
  P4 s0                       0x2000'0000    0x14  <Init block>
    .data            inited   0x2000'0000    0x10  stm32f4_discovery.o [1]
    .data            inited   0x2000'0010     0x4  system_stm32f4xx.o [1]
                            - 0x2000'0014    0x14

Unused ranges:

         From           To      Size
         ----           --      ----
   0x800'09ac   0x80f'ffff  0xf'f654
  0x1000'2000  0x1000'ffff    0xe000
  0x2000'0014  0x2001'bfff  0x1'bfec
  0x2001'c000  0x2001'ffff    0x4000


*******************************************************************************
*** INIT TABLE
***

          Address      Size
          -------      ----
Copy (__iar_copy_init3)
    1 source range, total size 0x14:
           0x800'0998  0x14
    1 destination range, total size 0x14:
          0x2000'0000  0x14



*******************************************************************************
*** MODULE SUMMARY
***

    Module                    ro code  ro data  rw data
    ------                    -------  -------  -------
command line/config:
    ---------------------------------------------------
    Total:

C:\Users\kinou\Documents\projetsIAR\Debug\Obj: [1]
    misc.o                        116
    startup_stm32f40_41xxx.o      756
    stm32f4_discovery.o           124       40       16
    stm32f4xx_gpio.o              182
    stm32f4xx_rcc.o                64
    stm32f4xx_tim.o               232
    system_stm32f4xx.o            292        4        4
    timer.o                       440
    ---------------------------------------------------
    Total:                      2 206       44       20

dl7M_tln.a: [2]
    exit.o                          4
    low_level_init.o                4
    ---------------------------------------------------
    Total:                          8

m7M_tls.a: [3]
    fpinit_M.o                     34
    ---------------------------------------------------
    Total:                         34

rt7M_tl.a: [4]
    cexit.o                        10
    cmain.o                        30
    copy_init3.o                   44
    cstartup_M.o                   12
    data_init.o                    40
    ---------------------------------------------------
    Total:                        136

shb_l.a: [5]
    exit.o                         20
    unwind_debug.o                           1
    ---------------------------------------------------
    Total:                         20        1

    Gaps                            5        2
    Linker created                          20    8 192
-------------------------------------------------------
    Grand Total:                2 409       67    8 212


*******************************************************************************
*** ENTRY LIST
***

Entry                       Address   Size  Type      Object
-----                       -------   ----  ----      ------
.iar.init_table$$Base    0x800'07ac          --   Gb  - Linker created -
.iar.init_table$$Limit   0x800'07c0          --   Gb  - Linker created -
?main                    0x800'07c1         Code  Gb  cmain.o [4]
CSTACK$$Base            0x1000'0000          --   Gb  - Linker created -
CSTACK$$Limit           0x1000'2000          --   Gb  - Linker created -
GPIO_CLK                 0x800'0808   0x10  Data  Lc  stm32f4_discovery.o [1]
GPIO_Init                0x800'0559   0xb6  Code  Gb  stm32f4xx_gpio.o [1]
GPIO_PIN                 0x800'0834    0x8  Data  Lc  stm32f4_discovery.o [1]
GPIO_PORT               0x2000'0000   0x10  Data  Gb  stm32f4_discovery.o [1]
NVIC_Init                0x800'0381   0x64  Code  Gb  misc.o [1]
RCC_AHB1PeriphClockCmd   0x800'0341   0x1c  Code  Gb  stm32f4xx_rcc.o [1]
RCC_APB1PeriphClockCmd   0x800'035d   0x1c  Code  Gb  stm32f4xx_rcc.o [1]
Region$$Table$$Base      0x800'07ac          --   Gb  - Linker created -
Region$$Table$$Limit     0x800'07c0          --   Gb  - Linker created -
STM_EVAL_LEDInit         0x800'03f5   0x48  Code  Gb  stm32f4_discovery.o [1]
STM_EVAL_LEDToggle       0x800'043d   0x26  Code  Gb  stm32f4_discovery.o [1]
SystemCoreClock         0x2000'0010    0x4  Data  Gb  system_stm32f4xx.o [1]
SystemInit               0x800'0611   0x46  Code  Gb  system_stm32f4xx.o [1]
TIM2_IRQHandler          0x800'02af   0x22  Code  Gb  timer.o [1]
TIM3_IRQHandler          0x800'02d1   0x20  Code  Gb  timer.o [1]
TIM4_IRQHandler          0x800'02f1   0x20  Code  Gb  timer.o [1]
TIM5_IRQHandler          0x800'0311   0x20  Code  Gb  timer.o [1]
TIM_ClearITPendingBit    0x800'0551    0x8  Code  Gb  stm32f4xx_tim.o [1]
TIM_Cmd                  0x800'04db   0x1c  Code  Gb  stm32f4xx_tim.o [1]
TIM_GetITStatus          0x800'052d   0x24  Code  Gb  stm32f4xx_tim.o [1]
TIM_ITConfig             0x800'0515   0x18  Code  Gb  stm32f4xx_tim.o [1]
TIM_TimeBaseInit         0x800'0471   0x6a  Code  Gb  stm32f4xx_tim.o [1]
[local to system_stm32f4xx_c]::SetSysClock()
                         0x800'0657   0xaa  Code  Lc  system_stm32f4xx.o [1]
__cmain                  0x800'07c1         Code  Gb  cmain.o [4]
__exit                   0x800'07f5   0x14  Code  Gb  exit.o [5]
__iar_copy_init3         0x800'0735   0x2c  Code  Gb  copy_init3.o [4]
__iar_data_init3         0x800'0761   0x28  Code  Gb  data_init.o [4]
__iar_debug_exceptions   0x800'060e    0x1  Data  Gb  unwind_debug.o [5]
__iar_init_vfp           0x800'0789         Code  Gb  fpinit_M.o [3]
__iar_program_start      0x800'0829         Code  Gb  cstartup_M.o [4]
__low_level_init         0x800'07df    0x4  Code  Gb  low_level_init.o [2]
__vector_table           0x800'0000         Data  Gb  startup_stm32f40_41xxx.o [1]
_call_main               0x800'07cd         Code  Gb  cmain.o [4]
_exit                    0x800'07e9         Code  Gb  cexit.o [4]
_main                    0x800'07db         Code  Gb  cmain.o [4]
exit                     0x800'07e3    0x4  Code  Gb  exit.o [2]
main                     0x800'0189  0x126  Code  Gb  timer.o [1]


[1] = C:\Users\kinou\Documents\projetsIAR\Debug\Obj
[2] = dl7M_tln.a
[3] = m7M_tls.a
[4] = rt7M_tl.a
[5] = shb_l.a

  2 409 bytes of readonly  code memory
     67 bytes of readonly  data memory
  8 212 bytes of readwrite data memory

Errors: none
Warnings: none
