###############################################################################
#
# IAR ELF Linker V8.32.1.169/W32 for ARM                  29/Nov/2020  18:30:30
# Copyright 2007-2018 IAR Systems AB.
#
#    Output file  =  
#        C:\Users\kinou\Documents\projetsIAR\Debug\Exe\Experiment3.out
#    Map file     =  
#        C:\Users\kinou\Documents\projetsIAR\Debug\List\Experiment3.map
#    Command line =  
#        -f C:\Users\kinou\AppData\Local\Temp\EW7FED.tmp
#        (C:\Users\kinou\Documents\projetsIAR\Debug\Obj\misc.o
#        C:\Users\kinou\Documents\projetsIAR\Debug\Obj\serial.o
#        C:\Users\kinou\Documents\projetsIAR\Debug\Obj\startup_stm32f40_41xxx.o
#        C:\Users\kinou\Documents\projetsIAR\Debug\Obj\stm32f4_discovery.o
#        C:\Users\kinou\Documents\projetsIAR\Debug\Obj\stm32f4xx_adc.o
#        C:\Users\kinou\Documents\projetsIAR\Debug\Obj\stm32f4xx_can.o
#        C:\Users\kinou\Documents\projetsIAR\Debug\Obj\stm32f4xx_cec.o
#        C:\Users\kinou\Documents\projetsIAR\Debug\Obj\stm32f4xx_crc.o
#        C:\Users\kinou\Documents\projetsIAR\Debug\Obj\stm32f4xx_cryp.o
#        C:\Users\kinou\Documents\projetsIAR\Debug\Obj\stm32f4xx_cryp_aes.o
#        C:\Users\kinou\Documents\projetsIAR\Debug\Obj\stm32f4xx_cryp_des.o
#        C:\Users\kinou\Documents\projetsIAR\Debug\Obj\stm32f4xx_cryp_tdes.o
#        C:\Users\kinou\Documents\projetsIAR\Debug\Obj\stm32f4xx_dac.o
#        C:\Users\kinou\Documents\projetsIAR\Debug\Obj\stm32f4xx_dbgmcu.o
#        C:\Users\kinou\Documents\projetsIAR\Debug\Obj\stm32f4xx_dcmi.o
#        C:\Users\kinou\Documents\projetsIAR\Debug\Obj\stm32f4xx_dfsdm.o
#        C:\Users\kinou\Documents\projetsIAR\Debug\Obj\stm32f4xx_dma.o
#        C:\Users\kinou\Documents\projetsIAR\Debug\Obj\stm32f4xx_dma2d.o
#        C:\Users\kinou\Documents\projetsIAR\Debug\Obj\stm32f4xx_dsi.o
#        C:\Users\kinou\Documents\projetsIAR\Debug\Obj\stm32f4xx_exti.o
#        C:\Users\kinou\Documents\projetsIAR\Debug\Obj\stm32f4xx_flash.o
#        C:\Users\kinou\Documents\projetsIAR\Debug\Obj\stm32f4xx_flash_ramfunc.o
#        C:\Users\kinou\Documents\projetsIAR\Debug\Obj\stm32f4xx_fmpi2c.o
#        C:\Users\kinou\Documents\projetsIAR\Debug\Obj\stm32f4xx_fsmc.o
#        C:\Users\kinou\Documents\projetsIAR\Debug\Obj\stm32f4xx_gpio.o
#        C:\Users\kinou\Documents\projetsIAR\Debug\Obj\stm32f4xx_hash.o
#        C:\Users\kinou\Documents\projetsIAR\Debug\Obj\stm32f4xx_hash_md5.o
#        C:\Users\kinou\Documents\projetsIAR\Debug\Obj\stm32f4xx_hash_sha1.o
#        C:\Users\kinou\Documents\projetsIAR\Debug\Obj\stm32f4xx_i2c.o
#        C:\Users\kinou\Documents\projetsIAR\Debug\Obj\stm32f4xx_iwdg.o
#        C:\Users\kinou\Documents\projetsIAR\Debug\Obj\stm32f4xx_lptim.o
#        C:\Users\kinou\Documents\projetsIAR\Debug\Obj\stm32f4xx_ltdc.o
#        C:\Users\kinou\Documents\projetsIAR\Debug\Obj\stm32f4xx_pwr.o
#        C:\Users\kinou\Documents\projetsIAR\Debug\Obj\stm32f4xx_qspi.o
#        C:\Users\kinou\Documents\projetsIAR\Debug\Obj\stm32f4xx_rcc.o
#        C:\Users\kinou\Documents\projetsIAR\Debug\Obj\stm32f4xx_rng.o
#        C:\Users\kinou\Documents\projetsIAR\Debug\Obj\stm32f4xx_rtc.o
#        C:\Users\kinou\Documents\projetsIAR\Debug\Obj\stm32f4xx_sai.o
#        C:\Users\kinou\Documents\projetsIAR\Debug\Obj\stm32f4xx_sdio.o
#        C:\Users\kinou\Documents\projetsIAR\Debug\Obj\stm32f4xx_spdifrx.o
#        C:\Users\kinou\Documents\projetsIAR\Debug\Obj\stm32f4xx_spi.o
#        C:\Users\kinou\Documents\projetsIAR\Debug\Obj\stm32f4xx_syscfg.o
#        C:\Users\kinou\Documents\projetsIAR\Debug\Obj\stm32f4xx_tim.o
#        C:\Users\kinou\Documents\projetsIAR\Debug\Obj\stm32f4xx_usart.o
#        C:\Users\kinou\Documents\projetsIAR\Debug\Obj\stm32f4xx_wwdg.o
#        C:\Users\kinou\Documents\projetsIAR\Debug\Obj\system_stm32f4xx.o
#        --no_out_extension -o
#        C:\Users\kinou\Documents\projetsIAR\Debug\Exe\Experiment3.out --map
#        C:\Users\kinou\Documents\projetsIAR\Debug\List\Experiment3.map
#        --config "C:\Program Files (x86)\IAR Systems\Embedded Workbench
#        8.2\arm\config\linker\ST\stm32f407xG.icf" --semihosting --entry
#        __iar_program_start --vfe --text_out locale)
#
###############################################################################

*******************************************************************************
*** RUNTIME MODEL ATTRIBUTES
***

CppFlavor        = *
__CPP_Exceptions = Disabled
__CPP_Language   = C++14
__SystemLibrary  = DLib
__dlib_version   = 6


*******************************************************************************
*** HEAP SELECTION
***

The basic heap was selected because no calls to memory allocation
functions were found in the application outside of system library
functions, and there are calls to deallocation functions in the
application.


*******************************************************************************
*** PLACEMENT SUMMARY
***

"A0":  place at 0x800'0000 { ro section .intvec };
"P1":  place in [from 0x800'0000 to 0x80f'ffff] { ro };
define block CSTACK with size = 8K, alignment = 8 { };
"P3":  place in [from 0x1000'0000 to 0x1000'ffff] {
          block CSTACK, section .ccram };
define block HEAP with size = 8K, alignment = 8 { };
"P4":  place in [from 0x2000'0000 to 0x2001'bfff] |
                [from 0x2001'c000 to 0x2001'ffff] { rw, block HEAP };
initialize by copy { rw };

No sections matched the following patterns:

  ro section application_specific_ro  in "P2"
  section .backup_sram                in "P5"
  section .ccram                      in "P3"


  Section            Kind         Address    Size  Object
  -------            ----         -------    ----  ------
"A0":                                       0x188
  .intvec            ro code   0x800'0000   0x188  startup_stm32f40_41xxx.o [1]
                             - 0x800'0188   0x188

"P1":                                       0xb2c
  .text              ro code   0x800'0188   0x168  stm32f4_discovery.o [1]
  .text              ro code   0x800'02f0   0x110  stm32f4xx_rcc.o [1]
  .text              ro code   0x800'0400   0x11e  stm32f4xx_gpio.o [1]
  .rodata            const     0x800'051e     0x2  stm32f4_discovery.o [1]
  .text              ro code   0x800'0520    0x54  stm32f4xx_syscfg.o [1]
  .text              ro code   0x800'0574    0x94  stm32f4xx_exti.o [1]
  .text              ro code   0x800'0608    0x74  misc.o [1]
  .text              ro code   0x800'067c   0x164  serial.o [1]
  .text              ro code   0x800'07e0   0x10e  stm32f4xx_usart.o [1]
  .rodata            const     0x800'08ee     0x2  stm32f4_discovery.o [1]
  .text              ro code   0x800'08f0   0x124  system_stm32f4xx.o [1]
  .text              ro code   0x800'0a14    0x2c  copy_init3.o [4]
  .text              ro code   0x800'0a40    0x28  data_init.o [4]
  .text              ro code   0x800'0a68    0x22  fpinit_M.o [3]
  .iar.init_table    const     0x800'0a8c    0x14  - Linker created -
  .rodata            const     0x800'0aa0     0x1  stm32f4_discovery.o [1]
  .rodata            const     0x800'0aa1     0x1  stm32f4_discovery.o [1]
  .text              ro code   0x800'0aa4    0x1e  cmain.o [4]
  .text              ro code   0x800'0ac2     0x4  low_level_init.o [2]
  .text              ro code   0x800'0ac6     0x4  exit.o [2]
  .rodata            const     0x800'0aca     0x1  stm32f4_discovery.o [1]
  .rodata            const     0x800'0acb     0x1  unwind_debug.o [5]
  .text              ro code   0x800'0acc     0xa  cexit.o [4]
  .text              ro code   0x800'0ad8    0x14  exit.o [5]
  .rodata            const     0x800'0aec    0x10  stm32f4_discovery.o [1]
  .text              ro code   0x800'0afc    0x10  startup_stm32f40_41xxx.o [1]
  .text              ro code   0x800'0b0c     0xc  cstartup_M.o [4]
  .rodata            const     0x800'0b18     0x8  stm32f4_discovery.o [1]
  .rodata            const     0x800'0b20     0x4  stm32f4_discovery.o [1]
  .text              ro code   0x800'0b24     0x4  startup_stm32f40_41xxx.o [1]
  .text              ro code   0x800'0b28     0x4  startup_stm32f40_41xxx.o [1]
  .text              ro code   0x800'0b2c     0x4  startup_stm32f40_41xxx.o [1]
  .text              ro code   0x800'0b30     0x4  startup_stm32f40_41xxx.o [1]
  .text              ro code   0x800'0b34     0x4  startup_stm32f40_41xxx.o [1]
  .text              ro code   0x800'0b38     0x4  startup_stm32f40_41xxx.o [1]
  .text              ro code   0x800'0b3c     0x4  startup_stm32f40_41xxx.o [1]
  .text              ro code   0x800'0b40     0x4  startup_stm32f40_41xxx.o [1]
  .text              ro code   0x800'0b44     0x4  startup_stm32f40_41xxx.o [1]
  .text              ro code   0x800'0b48     0x4  startup_stm32f40_41xxx.o [1]
  .text              ro code   0x800'0b4c     0x4  startup_stm32f40_41xxx.o [1]
  .text              ro code   0x800'0b50     0x4  startup_stm32f40_41xxx.o [1]
  .text              ro code   0x800'0b54     0x4  startup_stm32f40_41xxx.o [1]
  .text              ro code   0x800'0b58     0x4  startup_stm32f40_41xxx.o [1]
  .text              ro code   0x800'0b5c     0x4  startup_stm32f40_41xxx.o [1]
  .text              ro code   0x800'0b60     0x4  startup_stm32f40_41xxx.o [1]
  .text              ro code   0x800'0b64     0x4  startup_stm32f40_41xxx.o [1]
  .text              ro code   0x800'0b68     0x4  startup_stm32f40_41xxx.o [1]
  .text              ro code   0x800'0b6c     0x4  startup_stm32f40_41xxx.o [1]
  .text              ro code   0x800'0b70     0x4  startup_stm32f40_41xxx.o [1]
  .text              ro code   0x800'0b74     0x4  startup_stm32f40_41xxx.o [1]
  .text              ro code   0x800'0b78     0x4  startup_stm32f40_41xxx.o [1]
  .text              ro code   0x800'0b7c     0x4  startup_stm32f40_41xxx.o [1]
  .text              ro code   0x800'0b80     0x4  startup_stm32f40_41xxx.o [1]
  .text              ro code   0x800'0b84     0x4  startup_stm32f40_41xxx.o [1]
  .text              ro code   0x800'0b88     0x4  startup_stm32f40_41xxx.o [1]
  .text              ro code   0x800'0b8c     0x4  startup_stm32f40_41xxx.o [1]
  .text              ro code   0x800'0b90     0x4  startup_stm32f40_41xxx.o [1]
  .text              ro code   0x800'0b94     0x4  startup_stm32f40_41xxx.o [1]
  .text              ro code   0x800'0b98     0x4  startup_stm32f40_41xxx.o [1]
  .text              ro code   0x800'0b9c     0x4  startup_stm32f40_41xxx.o [1]
  .text              ro code   0x800'0ba0     0x4  startup_stm32f40_41xxx.o [1]
  .text              ro code   0x800'0ba4     0x4  startup_stm32f40_41xxx.o [1]
  .text              ro code   0x800'0ba8     0x4  startup_stm32f40_41xxx.o [1]
  .text              ro code   0x800'0bac     0x4  startup_stm32f40_41xxx.o [1]
  .text              ro code   0x800'0bb0     0x4  startup_stm32f40_41xxx.o [1]
  .text              ro code   0x800'0bb4     0x4  startup_stm32f40_41xxx.o [1]
  .text              ro code   0x800'0bb8     0x4  startup_stm32f40_41xxx.o [1]
  .text              ro code   0x800'0bbc     0x4  startup_stm32f40_41xxx.o [1]
  .text              ro code   0x800'0bc0     0x4  startup_stm32f40_41xxx.o [1]
  .text              ro code   0x800'0bc4     0x4  startup_stm32f40_41xxx.o [1]
  .text              ro code   0x800'0bc8     0x4  startup_stm32f40_41xxx.o [1]
  .text              ro code   0x800'0bcc     0x4  startup_stm32f40_41xxx.o [1]
  .text              ro code   0x800'0bd0     0x4  startup_stm32f40_41xxx.o [1]
  .text              ro code   0x800'0bd4     0x4  startup_stm32f40_41xxx.o [1]
  .text              ro code   0x800'0bd8     0x4  startup_stm32f40_41xxx.o [1]
  .text              ro code   0x800'0bdc     0x4  startup_stm32f40_41xxx.o [1]
  .text              ro code   0x800'0be0     0x4  startup_stm32f40_41xxx.o [1]
  .text              ro code   0x800'0be4     0x4  startup_stm32f40_41xxx.o [1]
  .text              ro code   0x800'0be8     0x4  startup_stm32f40_41xxx.o [1]
  .text              ro code   0x800'0bec     0x4  startup_stm32f40_41xxx.o [1]
  .text              ro code   0x800'0bf0     0x4  startup_stm32f40_41xxx.o [1]
  .text              ro code   0x800'0bf4     0x4  startup_stm32f40_41xxx.o [1]
  .text              ro code   0x800'0bf8     0x4  startup_stm32f40_41xxx.o [1]
  .text              ro code   0x800'0bfc     0x4  startup_stm32f40_41xxx.o [1]
  .text              ro code   0x800'0c00     0x4  startup_stm32f40_41xxx.o [1]
  .text              ro code   0x800'0c04     0x4  startup_stm32f40_41xxx.o [1]
  .text              ro code   0x800'0c08     0x4  startup_stm32f40_41xxx.o [1]
  .text              ro code   0x800'0c0c     0x4  startup_stm32f40_41xxx.o [1]
  .text              ro code   0x800'0c10     0x4  startup_stm32f40_41xxx.o [1]
  .text              ro code   0x800'0c14     0x4  startup_stm32f40_41xxx.o [1]
  .text              ro code   0x800'0c18     0x4  startup_stm32f40_41xxx.o [1]
  .text              ro code   0x800'0c1c     0x4  startup_stm32f40_41xxx.o [1]
  .text              ro code   0x800'0c20     0x4  startup_stm32f40_41xxx.o [1]
  .text              ro code   0x800'0c24     0x4  startup_stm32f40_41xxx.o [1]
  .text              ro code   0x800'0c28     0x4  startup_stm32f40_41xxx.o [1]
  .text              ro code   0x800'0c2c     0x4  startup_stm32f40_41xxx.o [1]
  .text              ro code   0x800'0c30     0x4  startup_stm32f40_41xxx.o [1]
  .text              ro code   0x800'0c34     0x4  startup_stm32f40_41xxx.o [1]
  .text              ro code   0x800'0c38     0x4  startup_stm32f40_41xxx.o [1]
  .text              ro code   0x800'0c3c     0x4  startup_stm32f40_41xxx.o [1]
  .text              ro code   0x800'0c40     0x4  startup_stm32f40_41xxx.o [1]
  .text              ro code   0x800'0c44     0x4  startup_stm32f40_41xxx.o [1]
  .text              ro code   0x800'0c48     0x4  startup_stm32f40_41xxx.o [1]
  .text              ro code   0x800'0c4c     0x4  startup_stm32f40_41xxx.o [1]
  .text              ro code   0x800'0c50     0x4  startup_stm32f40_41xxx.o [1]
  .text              ro code   0x800'0c54     0x4  startup_stm32f40_41xxx.o [1]
  .text              ro code   0x800'0c58     0x4  startup_stm32f40_41xxx.o [1]
  .text              ro code   0x800'0c5c     0x4  startup_stm32f40_41xxx.o [1]
  .text              ro code   0x800'0c60     0x4  startup_stm32f40_41xxx.o [1]
  .text              ro code   0x800'0c64     0x4  startup_stm32f40_41xxx.o [1]
  .text              ro code   0x800'0c68     0x4  startup_stm32f40_41xxx.o [1]
  .text              ro code   0x800'0c6c     0x4  startup_stm32f40_41xxx.o [1]
  .text              ro code   0x800'0c70     0x4  startup_stm32f40_41xxx.o [1]
  .text              ro code   0x800'0c74     0x4  startup_stm32f40_41xxx.o [1]
  .text              ro code   0x800'0c78     0x4  startup_stm32f40_41xxx.o [1]
  .text              ro code   0x800'0c7c     0x4  startup_stm32f40_41xxx.o [1]
  .text              ro code   0x800'0c80     0x4  startup_stm32f40_41xxx.o [1]
  .text              ro code   0x800'0c84     0x4  startup_stm32f40_41xxx.o [1]
  .text              ro code   0x800'0c88     0x4  startup_stm32f40_41xxx.o [1]
  .text              ro code   0x800'0c8c     0x4  startup_stm32f40_41xxx.o [1]
  .rodata            const     0x800'0c90     0x0  copy_init3.o [4]
  Initializer bytes  const     0x800'0c90    0x24  <for P4 s0>
                             - 0x800'0cb4   0xb2c

"P3":                                      0x2000
  CSTACK                      0x1000'0000  0x2000  <Block>
    CSTACK           uninit   0x1000'0000  0x2000  <Block tail>
                            - 0x1000'2000  0x2000

"P4":                                        0x24
  P4 s0                       0x2000'0000    0x24  <Init block>
    .data            inited   0x2000'0000    0x10  stm32f4_discovery.o [1]
    .data            inited   0x2000'0010    0x10  stm32f4xx_rcc.o [1]
    .data            inited   0x2000'0020     0x4  stm32f4_discovery.o [1]
                            - 0x2000'0024    0x24

Unused ranges:

         From           To      Size
         ----           --      ----
   0x800'0cb4   0x80f'ffff  0xf'f34c
  0x1000'2000  0x1000'ffff    0xe000
  0x2000'0024  0x2001'bfff  0x1'bfdc
  0x2001'c000  0x2001'ffff    0x4000


*******************************************************************************
*** INIT TABLE
***

          Address      Size
          -------      ----
Copy (__iar_copy_init3)
    1 source range, total size 0x24:
           0x800'0c90  0x24
    1 destination range, total size 0x24:
          0x2000'0000  0x24



*******************************************************************************
*** MODULE SUMMARY
***

    Module                    ro code  ro data  rw data
    ------                    -------  -------  -------
command line/config:
    ---------------------------------------------------
    Total:

C:\Users\kinou\Documents\projetsIAR\Debug\Obj: [1]
    misc.o                        116
    serial.o                      356
    startup_stm32f40_41xxx.o      772
    stm32f4_discovery.o           360       55       20
    stm32f4xx_exti.o              148
    stm32f4xx_gpio.o              286
    stm32f4xx_rcc.o               272       16       16
    stm32f4xx_syscfg.o             84
    stm32f4xx_usart.o             270
    system_stm32f4xx.o            292
    ---------------------------------------------------
    Total:                      2 956       71       36

dl7M_tln.a: [2]
    exit.o                          4
    low_level_init.o                4
    ---------------------------------------------------
    Total:                          8

m7M_tls.a: [3]
    fpinit_M.o                     34
    ---------------------------------------------------
    Total:                         34

rt7M_tl.a: [4]
    cexit.o                        10
    cmain.o                        30
    copy_init3.o                   44
    cstartup_M.o                   12
    data_init.o                    40
    ---------------------------------------------------
    Total:                        136

shb_l.a: [5]
    exit.o                         20
    unwind_debug.o                           1
    ---------------------------------------------------
    Total:                         20        1

    Gaps                            4        2
    Linker created                          20    8 192
-------------------------------------------------------
    Grand Total:                3 158       94    8 228


*******************************************************************************
*** ENTRY LIST
***

Entry                       Address   Size  Type      Object
-----                       -------   ----  ----      ------
.iar.init_table$$Base    0x800'0a8c          --   Gb  - Linker created -
.iar.init_table$$Limit   0x800'0aa0          --   Gb  - Linker created -
?main                    0x800'0aa5         Code  Gb  cmain.o [4]
APBAHBPrescTable        0x2000'0010   0x10  Data  Lc  stm32f4xx_rcc.o [1]
BUTTON_CLK               0x800'0b20    0x4  Data  Lc  stm32f4_discovery.o [1]
BUTTON_EXTI_LINE         0x800'08ee    0x2  Data  Lc  stm32f4_discovery.o [1]
BUTTON_IRQn              0x800'0aca    0x1  Data  Lc  stm32f4_discovery.o [1]
BUTTON_PIN               0x800'051e    0x2  Data  Lc  stm32f4_discovery.o [1]
BUTTON_PIN_SOURCE        0x800'0aa1    0x1  Data  Lc  stm32f4_discovery.o [1]
BUTTON_PORT             0x2000'0020    0x4  Data  Gb  stm32f4_discovery.o [1]
BUTTON_PORT_SOURCE       0x800'0aa0    0x1  Data  Lc  stm32f4_discovery.o [1]
CSTACK$$Base            0x1000'0000          --   Gb  - Linker created -
CSTACK$$Limit           0x1000'2000          --   Gb  - Linker created -
EXTI_Init                0x800'0575   0x82  Code  Gb  stm32f4xx_exti.o [1]
GPIO_CLK                 0x800'0aec   0x10  Data  Lc  stm32f4_discovery.o [1]
GPIO_Init                0x800'0401   0xb6  Code  Gb  stm32f4xx_gpio.o [1]
GPIO_PIN                 0x800'0b18    0x8  Data  Lc  stm32f4_discovery.o [1]
GPIO_PORT               0x2000'0000   0x10  Data  Gb  stm32f4_discovery.o [1]
GPIO_PinAFConfig         0x800'04cb   0x54  Code  Gb  stm32f4xx_gpio.o [1]
GPIO_ReadInputDataBit    0x800'04b7   0x14  Code  Gb  stm32f4xx_gpio.o [1]
NVIC_Init                0x800'0609   0x64  Code  Gb  misc.o [1]
RCC_AHB1PeriphClockCmd   0x800'03ad   0x1c  Code  Gb  stm32f4xx_rcc.o [1]
RCC_APB2PeriphClockCmd   0x800'03c9   0x1c  Code  Gb  stm32f4xx_rcc.o [1]
RCC_GetClocksFreq        0x800'02f1   0xbc  Code  Gb  stm32f4xx_rcc.o [1]
Region$$Table$$Base      0x800'0a8c          --   Gb  - Linker created -
Region$$Table$$Limit     0x800'0aa0          --   Gb  - Linker created -
STM_EVAL_LEDInit         0x800'0189   0x48  Code  Gb  stm32f4_discovery.o [1]
STM_EVAL_LEDOff          0x800'01e7   0x16  Code  Gb  stm32f4_discovery.o [1]
STM_EVAL_LEDOn           0x800'01d1   0x16  Code  Gb  stm32f4_discovery.o [1]
STM_EVAL_PBGetState      0x800'02ab   0x1a  Code  Gb  stm32f4_discovery.o [1]
STM_EVAL_PBInit          0x800'01fd   0xae  Code  Gb  stm32f4_discovery.o [1]
SYSCFG_EXTILineConfig    0x800'0521   0x50  Code  Gb  stm32f4xx_syscfg.o [1]
SystemInit               0x800'08f1   0x46  Code  Gb  system_stm32f4xx.o [1]
USART_Cmd                0x800'08a9   0x1c  Code  Gb  stm32f4xx_usart.o [1]
USART_GetFlagStatus      0x800'08d5   0x1a  Code  Gb  stm32f4xx_usart.o [1]
USART_Init               0x800'07e1   0xb8  Code  Gb  stm32f4xx_usart.o [1]
USART_ReceiveData        0x800'08cd    0x8  Code  Gb  stm32f4xx_usart.o [1]
USART_SendData           0x800'08c5    0x8  Code  Gb  stm32f4xx_usart.o [1]
[local to system_stm32f4xx_c]::SetSysClock()
                         0x800'0937   0xaa  Code  Lc  system_stm32f4xx.o [1]
__cmain                  0x800'0aa5         Code  Gb  cmain.o [4]
__exit                   0x800'0ad9   0x14  Code  Gb  exit.o [5]
__iar_copy_init3         0x800'0a15   0x2c  Code  Gb  copy_init3.o [4]
__iar_data_init3         0x800'0a41   0x28  Code  Gb  data_init.o [4]
__iar_debug_exceptions   0x800'0acb    0x1  Data  Gb  unwind_debug.o [5]
__iar_init_vfp           0x800'0a69         Code  Gb  fpinit_M.o [3]
__iar_program_start      0x800'0b0d         Code  Gb  cstartup_M.o [4]
__low_level_init         0x800'0ac3    0x4  Code  Gb  low_level_init.o [2]
__vector_table           0x800'0000         Data  Gb  startup_stm32f40_41xxx.o [1]
_call_main               0x800'0ab1         Code  Gb  cmain.o [4]
_exit                    0x800'0acd         Code  Gb  cexit.o [4]
_main                    0x800'0abf         Code  Gb  cmain.o [4]
exit                     0x800'0ac7    0x4  Code  Gb  exit.o [2]
main                     0x800'067d  0x164  Code  Gb  serial.o [1]


[1] = C:\Users\kinou\Documents\projetsIAR\Debug\Obj
[2] = dl7M_tln.a
[3] = m7M_tls.a
[4] = rt7M_tl.a
[5] = shb_l.a

  3 158 bytes of readonly  code memory
     94 bytes of readonly  data memory
  8 228 bytes of readwrite data memory

Errors: none
Warnings: none
